---
source: tests/core/spec.rs
expression: response
---
{
  "status": 200,
  "headers": {
    "content-type": "application/json"
  },
  "body": {
    "data": {
      "posts": [
        {
          "id": 11
        },
        {
          "id": 3
        }
      ],
      "fooField": "bar",
      "barField": "baz"
    }
  }
}
