---
source: tests/core/spec.rs
expression: response
---
{
  "status": 200,
  "headers": {
    "content-type": "application/json"
  },
  "body": {
    "data": null,
    "errors": [
      {
        "message": "IOException: Cannot discriminate the type of a non object type.",
        "locations": [
          {
            "line": 2,
            "column": 3
          }
        ]
      }
    ]
  }
}
