---
source: tests/core/spec.rs
expression: response
snapshot_kind: text
---
{
  "status": 200,
  "headers": {
    "content-type": "application/json"
  },
  "body": {
    "data": null,
    "errors": [
      {
        "message": "IOException: The type `Unknown` is not in the list of acceptable types [\"Bar\", \"Foo\"] of KeyedDiscriminator(type=\"FooBar\")",
        "locations": [
          {
            "line": 2,
            "column": 3
          }
        ]
      }
    ]
  }
}
