---
source: tests/core/spec.rs
expression: response
---
{
  "status": 200,
  "headers": {
    "content-type": "application/json"
  },
  "body": {
    "data": null,
    "errors": [
      {
        "message": "HTTP Error: 503 Service Unavailable: {}",
        "locations": [
          {
            "line": 1,
            "column": 9
          }
        ]
      }
    ]
  }
}
